[0.029s] Invoking command in '/home/jetson/jetson/build/ur_description': CMAKE_PREFIX_PATH=/opt/ros/humble /usr/bin/cmake /home/jetson/jetson/src/Universal_Robots_ROS2_Description -DCMAKE_INSTALL_PREFIX=/home/jetson/jetson/install/ur_description
[0.705s] -- The C compiler identification is GNU 11.4.0
[1.111s] -- The CXX compiler identification is GNU 11.4.0
[1.138s] -- Detecting C compiler ABI info
[1.291s] -- Detecting C compiler ABI info - done
[1.305s] -- Check for working C compiler: /usr/bin/cc - skipped
[1.308s] -- Detecting C compile features
[1.311s] -- Detecting C compile features - done
[1.319s] -- Detecting CXX compiler ABI info
[1.477s] -- Detecting CXX compiler ABI info - done
[1.488s] -- Check for working CXX compiler: /usr/bin/c++ - skipped
[1.488s] -- Detecting CXX compile features
[1.490s] -- Detecting CXX compile features - done
[1.510s] -- Found ament_cmake: 1.3.14 (/opt/ros/humble/share/ament_cmake/cmake)
[1.853s] -- Found Python3: /usr/bin/python3 (found version "3.10.12") found components: Interpreter 
[2.115s] -- Found ament_cmake_pytest: 1.3.14 (/opt/ros/humble/share/ament_cmake_pytest/cmake)
[5.246s] -- Configuring done
[5.257s] -- Generating done
[5.264s] -- Build files have been written to: /home/jetson/jetson/build/ur_description
[5.281s] Invoked command in '/home/jetson/jetson/build/ur_description' returned '0': CMAKE_PREFIX_PATH=/opt/ros/humble /usr/bin/cmake /home/jetson/jetson/src/Universal_Robots_ROS2_Description -DCMAKE_INSTALL_PREFIX=/home/jetson/jetson/install/ur_description
[5.285s] Invoking command in '/home/jetson/jetson/build/ur_description': CMAKE_PREFIX_PATH=/opt/ros/humble /usr/bin/cmake --build /home/jetson/jetson/build/ur_description -- -j6 -l6
[5.369s] Invoked command in '/home/jetson/jetson/build/ur_description' returned '0': CMAKE_PREFIX_PATH=/opt/ros/humble /usr/bin/cmake --build /home/jetson/jetson/build/ur_description -- -j6 -l6
[5.393s] Invoking command in '/home/jetson/jetson/build/ur_description': CMAKE_PREFIX_PATH=/opt/ros/humble /usr/bin/cmake --install /home/jetson/jetson/build/ur_description
[5.413s] -- Install configuration: ""
[5.413s] -- Installing: /home/jetson/jetson/install/ur_description/share/ur_description/config
[5.414s] -- Installing: /home/jetson/jetson/install/ur_description/share/ur_description/config/ur7e
[5.414s] -- Installing: /home/jetson/jetson/install/ur_description/share/ur_description/config/ur7e/physical_parameters.yaml
[5.415s] -- Installing: /home/jetson/jetson/install/ur_description/share/ur_description/config/ur7e/default_kinematics.yaml
[5.416s] -- Installing: /home/jetson/jetson/install/ur_description/share/ur_description/config/ur7e/visual_parameters.yaml
[5.416s] -- Installing: /home/jetson/jetson/install/ur_description/share/ur_description/config/ur7e/joint_limits.yaml
[5.417s] -- Installing: /home/jetson/jetson/install/ur_description/share/ur_description/config/ur3e
[5.417s] -- Installing: /home/jetson/jetson/install/ur_description/share/ur_description/config/ur3e/physical_parameters.yaml
[5.418s] -- Installing: /home/jetson/jetson/install/ur_description/share/ur_description/config/ur3e/default_kinematics.yaml
[5.418s] -- Installing: /home/jetson/jetson/install/ur_description/share/ur_description/config/ur3e/visual_parameters.yaml
[5.419s] -- Installing: /home/jetson/jetson/install/ur_description/share/ur_description/config/ur3e/joint_limits.yaml
[5.419s] -- Installing: /home/jetson/jetson/install/ur_description/share/ur_description/config/ur18
[5.420s] -- Installing: /home/jetson/jetson/install/ur_description/share/ur_description/config/ur18/physical_parameters.yaml
[5.420s] -- Installing: /home/jetson/jetson/install/ur_description/share/ur_description/config/ur18/default_kinematics.yaml
[5.421s] -- Installing: /home/jetson/jetson/install/ur_description/share/ur_description/config/ur18/visual_parameters.yaml
[5.421s] -- Installing: /home/jetson/jetson/install/ur_description/share/ur_description/config/ur18/joint_limits.yaml
[5.422s] -- Installing: /home/jetson/jetson/install/ur_description/share/ur_description/config/initial_positions.yaml
[5.422s] -- Installing: /home/jetson/jetson/install/ur_description/share/ur_description/config/ur30
[5.423s] -- Installing: /home/jetson/jetson/install/ur_description/share/ur_description/config/ur30/physical_parameters.yaml
[5.423s] -- Installing: /home/jetson/jetson/install/ur_description/share/ur_description/config/ur30/default_kinematics.yaml
[5.424s] -- Installing: /home/jetson/jetson/install/ur_description/share/ur_description/config/ur30/visual_parameters.yaml
[5.424s] -- Installing: /home/jetson/jetson/install/ur_description/share/ur_description/config/ur30/joint_limits.yaml
[5.425s] -- Installing: /home/jetson/jetson/install/ur_description/share/ur_description/config/ur10
[5.425s] -- Installing: /home/jetson/jetson/install/ur_description/share/ur_description/config/ur10/physical_parameters.yaml
[5.426s] -- Installing: /home/jetson/jetson/install/ur_description/share/ur_description/config/ur10/default_kinematics.yaml
[5.426s] -- Installing: /home/jetson/jetson/install/ur_description/share/ur_description/config/ur10/visual_parameters.yaml
[5.427s] -- Installing: /home/jetson/jetson/install/ur_description/share/ur_description/config/ur10/joint_limits.yaml
[5.427s] -- Installing: /home/jetson/jetson/install/ur_description/share/ur_description/config/ur10e
[5.428s] -- Installing: /home/jetson/jetson/install/ur_description/share/ur_description/config/ur10e/physical_parameters.yaml
[5.428s] -- Installing: /home/jetson/jetson/install/ur_description/share/ur_description/config/ur10e/default_kinematics.yaml
[5.429s] -- Installing: /home/jetson/jetson/install/ur_description/share/ur_description/config/ur10e/visual_parameters.yaml
[5.429s] -- Installing: /home/jetson/jetson/install/ur_description/share/ur_description/config/ur10e/joint_limits.yaml
[5.430s] -- Installing: /home/jetson/jetson/install/ur_description/share/ur_description/config/ur5e
[5.430s] -- Installing: /home/jetson/jetson/install/ur_description/share/ur_description/config/ur5e/physical_parameters.yaml
[5.430s] -- Installing: /home/jetson/jetson/install/ur_description/share/ur_description/config/ur5e/default_kinematics.yaml
[5.431s] -- Installing: /home/jetson/jetson/install/ur_description/share/ur_description/config/ur5e/visual_parameters.yaml
[5.431s] -- Installing: /home/jetson/jetson/install/ur_description/share/ur_description/config/ur5e/joint_limits.yaml
[5.432s] -- Installing: /home/jetson/jetson/install/ur_description/share/ur_description/config/ur12e
[5.432s] -- Installing: /home/jetson/jetson/install/ur_description/share/ur_description/config/ur12e/physical_parameters.yaml
[5.433s] -- Installing: /home/jetson/jetson/install/ur_description/share/ur_description/config/ur12e/default_kinematics.yaml
[5.433s] -- Installing: /home/jetson/jetson/install/ur_description/share/ur_description/config/ur12e/visual_parameters.yaml
[5.434s] -- Installing: /home/jetson/jetson/install/ur_description/share/ur_description/config/ur12e/joint_limits.yaml
[5.434s] -- Installing: /home/jetson/jetson/install/ur_description/share/ur_description/config/ur16e
[5.435s] -- Installing: /home/jetson/jetson/install/ur_description/share/ur_description/config/ur16e/physical_parameters.yaml
[5.436s] -- Installing: /home/jetson/jetson/install/ur_description/share/ur_description/config/ur16e/default_kinematics.yaml
[5.436s] -- Installing: /home/jetson/jetson/install/ur_description/share/ur_description/config/ur16e/visual_parameters.yaml
[5.437s] -- Installing: /home/jetson/jetson/install/ur_description/share/ur_description/config/ur16e/joint_limits.yaml
[5.437s] -- Installing: /home/jetson/jetson/install/ur_description/share/ur_description/config/ur3
[5.437s] -- Installing: /home/jetson/jetson/install/ur_description/share/ur_description/config/ur3/physical_parameters.yaml
[5.438s] -- Installing: /home/jetson/jetson/install/ur_description/share/ur_description/config/ur3/default_kinematics.yaml
[5.438s] -- Installing: /home/jetson/jetson/install/ur_description/share/ur_description/config/ur3/visual_parameters.yaml
[5.438s] -- Installing: /home/jetson/jetson/install/ur_description/share/ur_description/config/ur3/joint_limits.yaml
[5.438s] -- Installing: /home/jetson/jetson/install/ur_description/share/ur_description/config/ur20
[5.438s] -- Installing: /home/jetson/jetson/install/ur_description/share/ur_description/config/ur20/physical_parameters.yaml
[5.438s] -- Installing: /home/jetson/jetson/install/ur_description/share/ur_description/config/ur20/default_kinematics.yaml
[5.438s] -- Installing: /home/jetson/jetson/install/ur_description/share/ur_description/config/ur20/visual_parameters.yaml
[5.439s] -- Installing: /home/jetson/jetson/install/ur_description/share/ur_description/config/ur20/joint_limits.yaml
[5.439s] -- Installing: /home/jetson/jetson/install/ur_description/share/ur_description/config/ur15
[5.439s] -- Installing: /home/jetson/jetson/install/ur_description/share/ur_description/config/ur15/physical_parameters.yaml
[5.439s] -- Installing: /home/jetson/jetson/install/ur_description/share/ur_description/config/ur15/default_kinematics.yaml
[5.439s] -- Installing: /home/jetson/jetson/install/ur_description/share/ur_description/config/ur15/visual_parameters.yaml
[5.439s] -- Installing: /home/jetson/jetson/install/ur_description/share/ur_description/config/ur15/joint_limits.yaml
[5.439s] -- Installing: /home/jetson/jetson/install/ur_description/share/ur_description/config/ur5
[5.439s] -- Installing: /home/jetson/jetson/install/ur_description/share/ur_description/config/ur5/physical_parameters.yaml
[5.440s] -- Installing: /home/jetson/jetson/install/ur_description/share/ur_description/config/ur5/default_kinematics.yaml
[5.440s] -- Installing: /home/jetson/jetson/install/ur_description/share/ur_description/config/ur5/visual_parameters.yaml
[5.440s] -- Installing: /home/jetson/jetson/install/ur_description/share/ur_description/config/ur5/joint_limits.yaml
[5.440s] -- Installing: /home/jetson/jetson/install/ur_description/share/ur_description/config/ur8long
[5.440s] -- Installing: /home/jetson/jetson/install/ur_description/share/ur_description/config/ur8long/physical_parameters.yaml
[5.440s] -- Installing: /home/jetson/jetson/install/ur_description/share/ur_description/config/ur8long/default_kinematics.yaml
[5.440s] -- Installing: /home/jetson/jetson/install/ur_description/share/ur_description/config/ur8long/visual_parameters.yaml
[5.440s] -- Installing: /home/jetson/jetson/install/ur_description/share/ur_description/config/ur8long/joint_limits.yaml
[5.441s] -- Installing: /home/jetson/jetson/install/ur_description/share/ur_description/launch
[5.441s] -- Installing: /home/jetson/jetson/install/ur_description/share/ur_description/launch/view_ur.launch.xml
[5.441s] -- Installing: /home/jetson/jetson/install/ur_description/share/ur_description/launch/view_ur.launch.py
[5.441s] -- Installing: /home/jetson/jetson/install/ur_description/share/ur_description/meshes
[5.441s] -- Installing: /home/jetson/jetson/install/ur_description/share/ur_description/meshes/ur3e
[5.441s] -- Installing: /home/jetson/jetson/install/ur_description/share/ur_description/meshes/ur3e/collision
[5.441s] -- Installing: /home/jetson/jetson/install/ur_description/share/ur_description/meshes/ur3e/collision/wrist1.stl
[5.442s] -- Installing: /home/jetson/jetson/install/ur_description/share/ur_description/meshes/ur3e/collision/wrist2.stl
[5.442s] -- Installing: /home/jetson/jetson/install/ur_description/share/ur_description/meshes/ur3e/collision/forearm.stl
[5.442s] -- Installing: /home/jetson/jetson/install/ur_description/share/ur_description/meshes/ur3e/collision/shoulder.stl
[5.443s] -- Installing: /home/jetson/jetson/install/ur_description/share/ur_description/meshes/ur3e/collision/wrist3.stl
[5.443s] -- Installing: /home/jetson/jetson/install/ur_description/share/ur_description/meshes/ur3e/collision/upperarm.stl
[5.443s] -- Installing: /home/jetson/jetson/install/ur_description/share/ur_description/meshes/ur3e/collision/base.stl
[5.443s] -- Installing: /home/jetson/jetson/install/ur_description/share/ur_description/meshes/ur3e/visual
[5.443s] -- Installing: /home/jetson/jetson/install/ur_description/share/ur_description/meshes/ur3e/visual/upperarm.dae
[5.451s] -- Installing: /home/jetson/jetson/install/ur_description/share/ur_description/meshes/ur3e/visual/base.dae
[5.452s] -- Installing: /home/jetson/jetson/install/ur_description/share/ur_description/meshes/ur3e/visual/wrist3.dae
[5.452s] -- Installing: /home/jetson/jetson/install/ur_description/share/ur_description/meshes/ur3e/visual/wrist1.dae
[5.455s] -- Installing: /home/jetson/jetson/install/ur_description/share/ur_description/meshes/ur3e/visual/forearm.dae
[5.458s] -- Installing: /home/jetson/jetson/install/ur_description/share/ur_description/meshes/ur3e/visual/wrist2.dae
[5.461s] -- Installing: /home/jetson/jetson/install/ur_description/share/ur_description/meshes/ur3e/visual/shoulder.dae
[5.465s] -- Installing: /home/jetson/jetson/install/ur_description/share/ur_description/meshes/ur18
[5.465s] -- Installing: /home/jetson/jetson/install/ur_description/share/ur_description/meshes/ur18/collision
[5.466s] -- Installing: /home/jetson/jetson/install/ur_description/share/ur_description/meshes/ur18/collision/forearm.stl
[5.466s] -- Installing: /home/jetson/jetson/install/ur_description/share/ur_description/meshes/ur18/collision/upperarm.stl
[5.466s] -- Installing: /home/jetson/jetson/install/ur_description/share/ur_description/meshes/ur18/visual
[5.467s] -- Installing: /home/jetson/jetson/install/ur_description/share/ur_description/meshes/ur18/visual/upperarm.dae
[5.467s] -- Installing: /home/jetson/jetson/install/ur_description/share/ur_description/meshes/ur18/visual/UR18_DIFF_8bit_2K.jpg
[5.468s] -- Installing: /home/jetson/jetson/install/ur_description/share/ur_description/meshes/ur18/visual/forearm.dae
[5.469s] -- Installing: /home/jetson/jetson/install/ur_description/share/ur_description/meshes/ur18/LICENSE.txt
[5.470s] -- Installing: /home/jetson/jetson/install/ur_description/share/ur_description/meshes/ur30
[5.470s] -- Installing: /home/jetson/jetson/install/ur_description/share/ur_description/meshes/ur30/collision
[5.470s] -- Installing: /home/jetson/jetson/install/ur_description/share/ur_description/meshes/ur30/collision/forearm.stl
[5.470s] -- Installing: /home/jetson/jetson/install/ur_description/share/ur_description/meshes/ur30/collision/upperarm.stl
[5.470s] -- Installing: /home/jetson/jetson/install/ur_description/share/ur_description/meshes/ur30/visual
[5.470s] -- Installing: /home/jetson/jetson/install/ur_description/share/ur_description/meshes/ur30/visual/upperarm.dae
[5.472s] -- Installing: /home/jetson/jetson/install/ur_description/share/ur_description/meshes/ur30/visual/forearm.dae
[5.473s] -- Installing: /home/jetson/jetson/install/ur_description/share/ur_description/meshes/ur30/visual/UR30_DIFF_8bit_2K.png
[5.476s] -- Installing: /home/jetson/jetson/install/ur_description/share/ur_description/meshes/ur30/LICENSE.txt
[5.476s] -- Installing: /home/jetson/jetson/install/ur_description/share/ur_description/meshes/ur10
[5.476s] -- Installing: /home/jetson/jetson/install/ur_description/share/ur_description/meshes/ur10/collision
[5.477s] -- Installing: /home/jetson/jetson/install/ur_description/share/ur_description/meshes/ur10/collision/wrist1.stl
[5.477s] -- Installing: /home/jetson/jetson/install/ur_description/share/ur_description/meshes/ur10/collision/wrist2.stl
[5.477s] -- Installing: /home/jetson/jetson/install/ur_description/share/ur_description/meshes/ur10/collision/forearm.stl
[5.477s] -- Installing: /home/jetson/jetson/install/ur_description/share/ur_description/meshes/ur10/collision/shoulder.stl
[5.478s] -- Installing: /home/jetson/jetson/install/ur_description/share/ur_description/meshes/ur10/collision/wrist3.stl
[5.478s] -- Installing: /home/jetson/jetson/install/ur_description/share/ur_description/meshes/ur10/collision/upperarm.stl
[5.478s] -- Installing: /home/jetson/jetson/install/ur_description/share/ur_description/meshes/ur10/collision/base.stl
[5.479s] -- Installing: /home/jetson/jetson/install/ur_description/share/ur_description/meshes/ur10/visual
[5.479s] -- Installing: /home/jetson/jetson/install/ur_description/share/ur_description/meshes/ur10/visual/upperarm.dae
[5.482s] -- Installing: /home/jetson/jetson/install/ur_description/share/ur_description/meshes/ur10/visual/base.dae
[5.482s] -- Installing: /home/jetson/jetson/install/ur_description/share/ur_description/meshes/ur10/visual/wrist3.dae
[5.483s] -- Installing: /home/jetson/jetson/install/ur_description/share/ur_description/meshes/ur10/visual/wrist1.dae
[5.485s] -- Installing: /home/jetson/jetson/install/ur_description/share/ur_description/meshes/ur10/visual/forearm.dae
[5.489s] -- Installing: /home/jetson/jetson/install/ur_description/share/ur_description/meshes/ur10/visual/wrist2.dae
[5.493s] -- Installing: /home/jetson/jetson/install/ur_description/share/ur_description/meshes/ur10/visual/shoulder.dae
[5.495s] -- Installing: /home/jetson/jetson/install/ur_description/share/ur_description/meshes/ur10e
[5.495s] -- Installing: /home/jetson/jetson/install/ur_description/share/ur_description/meshes/ur10e/collision
[5.496s] -- Installing: /home/jetson/jetson/install/ur_description/share/ur_description/meshes/ur10e/collision/wrist1.stl
[5.496s] -- Installing: /home/jetson/jetson/install/ur_description/share/ur_description/meshes/ur10e/collision/wrist2.stl
[5.496s] -- Installing: /home/jetson/jetson/install/ur_description/share/ur_description/meshes/ur10e/collision/forearm.stl
[5.497s] -- Installing: /home/jetson/jetson/install/ur_description/share/ur_description/meshes/ur10e/collision/shoulder.stl
[5.497s] -- Installing: /home/jetson/jetson/install/ur_description/share/ur_description/meshes/ur10e/collision/wrist3.stl
[5.497s] -- Installing: /home/jetson/jetson/install/ur_description/share/ur_description/meshes/ur10e/collision/upperarm.stl
[5.498s] -- Installing: /home/jetson/jetson/install/ur_description/share/ur_description/meshes/ur10e/collision/base.stl
[5.498s] -- Installing: /home/jetson/jetson/install/ur_description/share/ur_description/meshes/ur10e/visual
[5.498s] -- Installing: /home/jetson/jetson/install/ur_description/share/ur_description/meshes/ur10e/visual/upperarm.dae
[5.503s] -- Installing: /home/jetson/jetson/install/ur_description/share/ur_description/meshes/ur10e/visual/base.dae
[5.504s] -- Installing: /home/jetson/jetson/install/ur_description/share/ur_description/meshes/ur10e/visual/wrist3.dae
[5.504s] -- Installing: /home/jetson/jetson/install/ur_description/share/ur_description/meshes/ur10e/visual/wrist1.dae
[5.507s] -- Installing: /home/jetson/jetson/install/ur_description/share/ur_description/meshes/ur10e/visual/forearm.dae
[5.509s] -- Installing: /home/jetson/jetson/install/ur_description/share/ur_description/meshes/ur10e/visual/wrist2.dae
[5.512s] -- Installing: /home/jetson/jetson/install/ur_description/share/ur_description/meshes/ur10e/visual/shoulder.dae
[5.516s] -- Installing: /home/jetson/jetson/install/ur_description/share/ur_description/meshes/ur5e
[5.516s] -- Installing: /home/jetson/jetson/install/ur_description/share/ur_description/meshes/ur5e/collision
[5.516s] -- Installing: /home/jetson/jetson/install/ur_description/share/ur_description/meshes/ur5e/collision/wrist1.stl
[5.517s] -- Installing: /home/jetson/jetson/install/ur_description/share/ur_description/meshes/ur5e/collision/wrist2.stl
[5.517s] -- Installing: /home/jetson/jetson/install/ur_description/share/ur_description/meshes/ur5e/collision/forearm.stl
[5.518s] -- Installing: /home/jetson/jetson/install/ur_description/share/ur_description/meshes/ur5e/collision/shoulder.stl
[5.518s] -- Installing: /home/jetson/jetson/install/ur_description/share/ur_description/meshes/ur5e/collision/wrist3.stl
[5.518s] -- Installing: /home/jetson/jetson/install/ur_description/share/ur_description/meshes/ur5e/collision/upperarm.stl
[5.518s] -- Installing: /home/jetson/jetson/install/ur_description/share/ur_description/meshes/ur5e/collision/base.stl
[5.518s] -- Installing: /home/jetson/jetson/install/ur_description/share/ur_description/meshes/ur5e/visual
[5.518s] -- Installing: /home/jetson/jetson/install/ur_description/share/ur_description/meshes/ur5e/visual/upperarm.dae
[5.523s] -- Installing: /home/jetson/jetson/install/ur_description/share/ur_description/meshes/ur5e/visual/base.dae
[5.524s] -- Installing: /home/jetson/jetson/install/ur_description/share/ur_description/meshes/ur5e/visual/wrist3.dae
[5.524s] -- Installing: /home/jetson/jetson/install/ur_description/share/ur_description/meshes/ur5e/visual/wrist1.dae
[5.527s] -- Installing: /home/jetson/jetson/install/ur_description/share/ur_description/meshes/ur5e/visual/forearm.dae
[5.529s] -- Installing: /home/jetson/jetson/install/ur_description/share/ur_description/meshes/ur5e/visual/wrist2.dae
[5.531s] -- Installing: /home/jetson/jetson/install/ur_description/share/ur_description/meshes/ur5e/visual/shoulder.dae
[5.534s] -- Installing: /home/jetson/jetson/install/ur_description/share/ur_description/meshes/ur16e
[5.534s] -- Installing: /home/jetson/jetson/install/ur_description/share/ur_description/meshes/ur16e/collision
[5.535s] -- Installing: /home/jetson/jetson/install/ur_description/share/ur_description/meshes/ur16e/collision/forearm.stl
[5.535s] -- Installing: /home/jetson/jetson/install/ur_description/share/ur_description/meshes/ur16e/collision/upperarm.stl
[5.535s] -- Installing: /home/jetson/jetson/install/ur_description/share/ur_description/meshes/ur16e/visual
[5.535s] -- Installing: /home/jetson/jetson/install/ur_description/share/ur_description/meshes/ur16e/visual/upperarm.dae
[5.540s] -- Installing: /home/jetson/jetson/install/ur_description/share/ur_description/meshes/ur16e/visual/forearm.dae
[5.543s] -- Installing: /home/jetson/jetson/install/ur_description/share/ur_description/meshes/ur3
[5.543s] -- Installing: /home/jetson/jetson/install/ur_description/share/ur_description/meshes/ur3/collision
[5.543s] -- Installing: /home/jetson/jetson/install/ur_description/share/ur_description/meshes/ur3/collision/wrist1.stl
[5.543s] -- Installing: /home/jetson/jetson/install/ur_description/share/ur_description/meshes/ur3/collision/wrist2.stl
[5.544s] -- Installing: /home/jetson/jetson/install/ur_description/share/ur_description/meshes/ur3/collision/forearm.stl
[5.544s] -- Installing: /home/jetson/jetson/install/ur_description/share/ur_description/meshes/ur3/collision/shoulder.stl
[5.545s] -- Installing: /home/jetson/jetson/install/ur_description/share/ur_description/meshes/ur3/collision/wrist3.stl
[5.546s] -- Installing: /home/jetson/jetson/install/ur_description/share/ur_description/meshes/ur3/collision/upperarm.stl
[5.547s] -- Installing: /home/jetson/jetson/install/ur_description/share/ur_description/meshes/ur3/collision/base.stl
[5.547s] -- Installing: /home/jetson/jetson/install/ur_description/share/ur_description/meshes/ur3/visual
[5.548s] -- Installing: /home/jetson/jetson/install/ur_description/share/ur_description/meshes/ur3/visual/upperarm.dae
[5.551s] -- Installing: /home/jetson/jetson/install/ur_description/share/ur_description/meshes/ur3/visual/base.dae
[5.553s] -- Installing: /home/jetson/jetson/install/ur_description/share/ur_description/meshes/ur3/visual/wrist3.dae
[5.553s] -- Installing: /home/jetson/jetson/install/ur_description/share/ur_description/meshes/ur3/visual/wrist1.dae
[5.554s] -- Installing: /home/jetson/jetson/install/ur_description/share/ur_description/meshes/ur3/visual/forearm.dae
[5.556s] -- Installing: /home/jetson/jetson/install/ur_description/share/ur_description/meshes/ur3/visual/wrist2.dae
[5.557s] -- Installing: /home/jetson/jetson/install/ur_description/share/ur_description/meshes/ur3/visual/shoulder.dae
[5.560s] -- Installing: /home/jetson/jetson/install/ur_description/share/ur_description/meshes/ur20
[5.560s] -- Installing: /home/jetson/jetson/install/ur_description/share/ur_description/meshes/ur20/collision
[5.560s] -- Installing: /home/jetson/jetson/install/ur_description/share/ur_description/meshes/ur20/collision/wrist1.stl
[5.561s] -- Installing: /home/jetson/jetson/install/ur_description/share/ur_description/meshes/ur20/collision/wrist2.stl
[5.561s] -- Installing: /home/jetson/jetson/install/ur_description/share/ur_description/meshes/ur20/collision/forearm.stl
[5.561s] -- Installing: /home/jetson/jetson/install/ur_description/share/ur_description/meshes/ur20/collision/shoulder.stl
[5.562s] -- Installing: /home/jetson/jetson/install/ur_description/share/ur_description/meshes/ur20/collision/wrist3.stl
[5.562s] -- Installing: /home/jetson/jetson/install/ur_description/share/ur_description/meshes/ur20/collision/upperarm.stl
[5.562s] -- Installing: /home/jetson/jetson/install/ur_description/share/ur_description/meshes/ur20/collision/base.stl
[5.562s] -- Installing: /home/jetson/jetson/install/ur_description/share/ur_description/meshes/ur20/visual
[5.562s] -- Installing: /home/jetson/jetson/install/ur_description/share/ur_description/meshes/ur20/visual/UR20_DIFF_8bit_2K.png
[5.565s] -- Installing: /home/jetson/jetson/install/ur_description/share/ur_description/meshes/ur20/visual/upperarm.dae
[5.566s] -- Installing: /home/jetson/jetson/install/ur_description/share/ur_description/meshes/ur20/visual/base.dae
[5.567s] -- Installing: /home/jetson/jetson/install/ur_description/share/ur_description/meshes/ur20/visual/wrist3.dae
[5.568s] -- Installing: /home/jetson/jetson/install/ur_description/share/ur_description/meshes/ur20/visual/wrist1.dae
[5.569s] -- Installing: /home/jetson/jetson/install/ur_description/share/ur_description/meshes/ur20/visual/forearm.dae
[5.570s] -- Installing: /home/jetson/jetson/install/ur_description/share/ur_description/meshes/ur20/visual/wrist2.dae
[5.571s] -- Installing: /home/jetson/jetson/install/ur_description/share/ur_description/meshes/ur20/visual/shoulder.dae
[5.571s] -- Installing: /home/jetson/jetson/install/ur_description/share/ur_description/meshes/ur20/LICENSE.txt
[5.572s] -- Installing: /home/jetson/jetson/install/ur_description/share/ur_description/meshes/ur15
[5.572s] -- Installing: /home/jetson/jetson/install/ur_description/share/ur_description/meshes/ur15/collision
[5.572s] -- Installing: /home/jetson/jetson/install/ur_description/share/ur_description/meshes/ur15/collision/wrist1.stl
[5.572s] -- Installing: /home/jetson/jetson/install/ur_description/share/ur_description/meshes/ur15/collision/wrist2.stl
[5.573s] -- Installing: /home/jetson/jetson/install/ur_description/share/ur_description/meshes/ur15/collision/forearm.stl
[5.573s] -- Installing: /home/jetson/jetson/install/ur_description/share/ur_description/meshes/ur15/collision/shoulder.stl
[5.573s] -- Installing: /home/jetson/jetson/install/ur_description/share/ur_description/meshes/ur15/collision/wrist3.stl
[5.574s] -- Installing: /home/jetson/jetson/install/ur_description/share/ur_description/meshes/ur15/collision/upperarm.stl
[5.574s] -- Installing: /home/jetson/jetson/install/ur_description/share/ur_description/meshes/ur15/collision/base.stl
[5.574s] -- Installing: /home/jetson/jetson/install/ur_description/share/ur_description/meshes/ur15/visual
[5.574s] -- Installing: /home/jetson/jetson/install/ur_description/share/ur_description/meshes/ur15/visual/upperarm.dae
[5.575s] -- Installing: /home/jetson/jetson/install/ur_description/share/ur_description/meshes/ur15/visual/base.dae
[5.575s] -- Installing: /home/jetson/jetson/install/ur_description/share/ur_description/meshes/ur15/visual/wrist3.dae
[5.576s] -- Installing: /home/jetson/jetson/install/ur_description/share/ur_description/meshes/ur15/visual/wrist1.dae
[5.576s] -- Installing: /home/jetson/jetson/install/ur_description/share/ur_description/meshes/ur15/visual/UR15_DIFF_8bit_2K.jpg
[5.577s] -- Installing: /home/jetson/jetson/install/ur_description/share/ur_description/meshes/ur15/visual/forearm.dae
[5.578s] -- Installing: /home/jetson/jetson/install/ur_description/share/ur_description/meshes/ur15/visual/wrist2.dae
[5.578s] -- Installing: /home/jetson/jetson/install/ur_description/share/ur_description/meshes/ur15/visual/shoulder.dae
[5.579s] -- Installing: /home/jetson/jetson/install/ur_description/share/ur_description/meshes/ur15/LICENSE.txt
[5.579s] -- Installing: /home/jetson/jetson/install/ur_description/share/ur_description/meshes/ur5
[5.580s] -- Installing: /home/jetson/jetson/install/ur_description/share/ur_description/meshes/ur5/collision
[5.580s] -- Installing: /home/jetson/jetson/install/ur_description/share/ur_description/meshes/ur5/collision/wrist1.stl
[5.580s] -- Installing: /home/jetson/jetson/install/ur_description/share/ur_description/meshes/ur5/collision/wrist2.stl
[5.581s] -- Installing: /home/jetson/jetson/install/ur_description/share/ur_description/meshes/ur5/collision/forearm.stl
[5.581s] -- Installing: /home/jetson/jetson/install/ur_description/share/ur_description/meshes/ur5/collision/shoulder.stl
[5.581s] -- Installing: /home/jetson/jetson/install/ur_description/share/ur_description/meshes/ur5/collision/wrist3.stl
[5.581s] -- Installing: /home/jetson/jetson/install/ur_description/share/ur_description/meshes/ur5/collision/upperarm.stl
[5.582s] -- Installing: /home/jetson/jetson/install/ur_description/share/ur_description/meshes/ur5/collision/base.stl
[5.582s] -- Installing: /home/jetson/jetson/install/ur_description/share/ur_description/meshes/ur5/visual
[5.582s] -- Installing: /home/jetson/jetson/install/ur_description/share/ur_description/meshes/ur5/visual/upperarm.dae
[5.584s] -- Installing: /home/jetson/jetson/install/ur_description/share/ur_description/meshes/ur5/visual/base.dae
[5.585s] -- Installing: /home/jetson/jetson/install/ur_description/share/ur_description/meshes/ur5/visual/wrist3.dae
[5.585s] -- Installing: /home/jetson/jetson/install/ur_description/share/ur_description/meshes/ur5/visual/wrist1.dae
[5.587s] -- Installing: /home/jetson/jetson/install/ur_description/share/ur_description/meshes/ur5/visual/forearm.dae
[5.589s] -- Installing: /home/jetson/jetson/install/ur_description/share/ur_description/meshes/ur5/visual/wrist2.dae
[5.591s] -- Installing: /home/jetson/jetson/install/ur_description/share/ur_description/meshes/ur5/visual/shoulder.dae
[5.593s] -- Installing: /home/jetson/jetson/install/ur_description/share/ur_description/meshes/ur8long
[5.593s] -- Installing: /home/jetson/jetson/install/ur_description/share/ur_description/meshes/ur8long/collision
[5.593s] -- Installing: /home/jetson/jetson/install/ur_description/share/ur_description/meshes/ur8long/collision/forearm.stl
[5.593s] -- Installing: /home/jetson/jetson/install/ur_description/share/ur_description/meshes/ur8long/collision/upperarm.stl
[5.594s] -- Installing: /home/jetson/jetson/install/ur_description/share/ur_description/meshes/ur8long/visual
[5.594s] -- Installing: /home/jetson/jetson/install/ur_description/share/ur_description/meshes/ur8long/visual/upperarm.dae
[5.595s] -- Installing: /home/jetson/jetson/install/ur_description/share/ur_description/meshes/ur8long/visual/UR8Long_DIFF_8bit_2K.jpg
[5.595s] -- Installing: /home/jetson/jetson/install/ur_description/share/ur_description/meshes/ur8long/visual/forearm.dae
[5.597s] -- Installing: /home/jetson/jetson/install/ur_description/share/ur_description/meshes/ur8long/LICENSE.txt
[5.598s] -- Installing: /home/jetson/jetson/install/ur_description/share/ur_description/rviz
[5.598s] -- Installing: /home/jetson/jetson/install/ur_description/share/ur_description/rviz/view_robot.rviz
[5.599s] -- Installing: /home/jetson/jetson/install/ur_description/share/ur_description/urdf
[5.599s] -- Installing: /home/jetson/jetson/install/ur_description/share/ur_description/urdf/inc
[5.599s] -- Installing: /home/jetson/jetson/install/ur_description/share/ur_description/urdf/inc/ur_transmissions.xacro
[5.600s] -- Installing: /home/jetson/jetson/install/ur_description/share/ur_description/urdf/inc/ur_common.xacro
[5.600s] -- Installing: /home/jetson/jetson/install/ur_description/share/ur_description/urdf/ur.urdf.xacro
[5.600s] -- Installing: /home/jetson/jetson/install/ur_description/share/ur_description/urdf/ur_macro.xacro
[5.601s] -- Installing: /home/jetson/jetson/install/ur_description/share/ur_description/urdf/ur.ros2_control.xacro
[5.601s] -- Installing: /home/jetson/jetson/install/ur_description/share/ur_description/test
[5.601s] -- Installing: /home/jetson/jetson/install/ur_description/share/ur_description/test/test_view_ur_launch.py
[5.602s] -- Installing: /home/jetson/jetson/install/ur_description/share/ur_description/test/test_ur_urdf_xacro.py
[5.602s] -- Installing: /home/jetson/jetson/install/ur_description/share/ament_index/resource_index/package_run_dependencies/ur_description
[5.602s] -- Installing: /home/jetson/jetson/install/ur_description/share/ament_index/resource_index/parent_prefix_path/ur_description
[5.602s] -- Installing: /home/jetson/jetson/install/ur_description/share/ur_description/environment/ament_prefix_path.sh
[5.603s] -- Installing: /home/jetson/jetson/install/ur_description/share/ur_description/environment/ament_prefix_path.dsv
[5.603s] -- Installing: /home/jetson/jetson/install/ur_description/share/ur_description/environment/path.sh
[5.603s] -- Installing: /home/jetson/jetson/install/ur_description/share/ur_description/environment/path.dsv
[5.603s] -- Installing: /home/jetson/jetson/install/ur_description/share/ur_description/local_setup.bash
[5.603s] -- Installing: /home/jetson/jetson/install/ur_description/share/ur_description/local_setup.sh
[5.604s] -- Installing: /home/jetson/jetson/install/ur_description/share/ur_description/local_setup.zsh
[5.604s] -- Installing: /home/jetson/jetson/install/ur_description/share/ur_description/local_setup.dsv
[5.604s] -- Installing: /home/jetson/jetson/install/ur_description/share/ur_description/package.dsv
[5.604s] -- Installing: /home/jetson/jetson/install/ur_description/share/ament_index/resource_index/packages/ur_description
[5.605s] -- Installing: /home/jetson/jetson/install/ur_description/share/ur_description/cmake/ur_descriptionConfig.cmake
[5.606s] -- Installing: /home/jetson/jetson/install/ur_description/share/ur_description/cmake/ur_descriptionConfig-version.cmake
[5.607s] -- Installing: /home/jetson/jetson/install/ur_description/share/ur_description/package.xml
[5.609s] Invoked command in '/home/jetson/jetson/build/ur_description' returned '0': CMAKE_PREFIX_PATH=/opt/ros/humble /usr/bin/cmake --install /home/jetson/jetson/build/ur_description
